### Step 2A
/c/Users/19063/OneDrive/Desktop/Grand-Circus/Unit-1/unit1-git-practice

### Step 2B
19063@LAPTOP-7OVQFE3R MINGW64 ~/OneDrive/Desktop/Grand-Circus/Unit-1/unit1-git-practice
$ cd ..

19063@LAPTOP-7OVQFE3R MINGW64 ~/OneDrive/Desktop/Grand-Circus/Unit-1
$ cd ..

19063@LAPTOP-7OVQFE3R MINGW64 ~/OneDrive/Desktop/Grand-Circus
$ cd ..

19063@LAPTOP-7OVQFE3R MINGW64 ~/OneDrive/Desktop

### Step 2C
$ cd Grand-Circus/Unit-1/unit1-git-practice/

### Step 2D
/c/Users/19063/OneDrive/Desktop/Grand-Circus/Unit-1/unit1-git-practice

### Step 2E
ls

### Step 2F
my-steps.txt

### Step 2G
cd ~

### Step 2H
/c/Users/19063

### Step 2I
 _netrc                             Links/                                                                                         OneDrive/
'3D Objects'/                      'Local Settings'@                                                                               Pictures/     
 anaconda3/                         Music/                                                                                         PrintHood@    
 AnacondaSpyderPython/             'My Documents'@                                                                                 Recent@       
 AppData/                           MyFirstAnacondaNotebook.ipynb                                                                 'Saved Games'/ 
'Application Data'@                 NetHood@                                                                                       Searches/     
 Contacts/                          NTUSER.DAT                                                                                     SendTo@
 Cookies@                           ntuser.dat.LOG1                                                                               'Start Menu'@  
 Documents/                         ntuser.dat.LOG2                                                                                Templates@    
 Downloads/                         NTUSER.DAT{60b9cbf4-c19f-11ed-aec9-9dbc23c841cc}.TM.blf                                        Videos/     
 Favorites/                         NTUSER.DAT{60b9cbf4-c19f-11ed-aec9-9dbc23c841cc}.TMContainer00000000000000000001.regtrans-ms       
 java_error_in_pycharm64_4732.log   NTUSER.DAT{60b9cbf4-c19f-11ed-aec9-9dbc23c841cc}.TMContainer00000000000000000002.regtrans-ms
 Jedi/                              ntuser.ini

### Step 2J
cd ~

### Step 2K
$ cd OneDrive/Desktop/Grand-Circus/Unit-1/unit1-git-practice/


### Step 3A
$ mkdir veggies
$ mkdir meats
$ mkdir desserts

### Step 3B
mv desserts sweets

### Step 3C
$ mkdir proteins

### Step 3D
$ mv meats proteins/

### Step 3E
cd veggies
touch carrot.txt
touch pea.txt

### Step 3F
$ cd ..
$ cd sweets
$ touch cookie.txt

### Step 3G
mv cookie.txt donut.txt

### Step 3H
cd ..
touch thing.txt

### Step 3I
cp thing.txt tofu.txt

### Step 3J
mv tofu.txt proteins/

### Step 3K
cp thing.txt crab.txt
mv crab.txt proteins/meats/

### Step 3L
rm thing.txt

### Step 3M
cp -r veggies plants

### Step 3N
mkdir drinks
rm -r drinks


### Step 4
git init
git add .
git commit -m "first commit"

### Step 5
$ git remote add origin https://github.com/TheodoreRed/unit1-git-practice.git
$ git branch -M main
$ git push -u origin main

### Step 6


### Step 7
*** DO NOT RECORD STEP 7 ***